3544 [main] INFO  API.SimpleApiTest - Start...
9969 [main] INFO  API.SimpleApiTest - Finish...
